[INFO] Error stacktraces are turned on.
[INFO] Scanning for projects...
[INFO] 
[INFO] ----------------------< com.economato:inventory >-----------------------
[INFO] Building inventory 2.0.0-SNAPSHOT
[INFO]   from pom.xml
[INFO] --------------------------------[ jar ]---------------------------------
[WARNING] The artifact com.itextpdf:itext7-core:pom:8.0.5 has been relocated to com.itextpdf:itext-core:pom:8.0.5
[INFO] 
[INFO] --- clean:3.4.0:clean (default-clean) @ inventory ---
[INFO] Deleting /home/franchu/Escritorio/Cosas/turing/target
[INFO] 
[INFO] --- jacoco:0.8.12:prepare-agent (prepare-agent) @ inventory ---
[INFO] argLine set to -javaagent:/home/franchu/.m2/repository/org/jacoco/org.jacoco.agent/0.8.12/org.jacoco.agent-0.8.12-runtime.jar=destfile=/home/franchu/Escritorio/Cosas/turing/target/jacoco.exec
[INFO] 
[INFO] --- resources:3.3.1:resources (default-resources) @ inventory ---
[INFO] Copying 2 resources from src/main/resources to target/classes
[INFO] Copying 74 resources from src/main/resources to target/classes
[INFO] 
[INFO] --- compiler:3.13.0:compile (default-compile) @ inventory ---
[INFO] Recompiling the module because of changed source code.
[INFO] Compiling 191 source files with javac [debug parameters release 21] to target/classes
[INFO] -------------------------------------------------------------
[ERROR] COMPILATION ERROR : 
[INFO] -------------------------------------------------------------
[ERROR] /home/franchu/Escritorio/Cosas/turing/src/main/java/com/economato/inventory/config/DbContextHolder.java:[5,25] java.lang.ScopedValue is a preview API and is disabled by default.
  (use --enable-preview to enable preview APIs)
[ERROR] /home/franchu/Escritorio/Cosas/turing/src/main/java/com/economato/inventory/aspect/OrderAuditAspect.java:[59,39] cannot find symbol
  symbol:   method getOrderId()
  location: variable receptionDto of type com.economato.inventory.dto.request.OrderReceptionRequestDTO
[ERROR] /home/franchu/Escritorio/Cosas/turing/src/main/java/com/economato/inventory/aspect/OrderAuditAspect.java:[60,41] cannot find symbol
  symbol:   method getStatus()
  location: variable receptionDto of type com.economato.inventory.dto.request.OrderReceptionRequestDTO
[ERROR] /home/franchu/Escritorio/Cosas/turing/src/main/java/com/economato/inventory/aspect/OrderAuditAspect.java:[116,52] cannot find symbol
  symbol:   method builder()
  location: class com.economato.inventory.dto.event.OrderAuditEvent
[ERROR] /home/franchu/Escritorio/Cosas/turing/src/main/java/com/economato/inventory/aspect/OrderAuditAspect.java:[117,40] cannot find symbol
  symbol:   method getId()
  location: variable orderAfter of type com.economato.inventory.model.Order
[ERROR] /home/franchu/Escritorio/Cosas/turing/src/main/java/com/economato/inventory/aspect/OrderAuditAspect.java:[118,48] cannot find symbol
  symbol:   method getId()
  location: variable user of type com.economato.inventory.model.User
[ERROR] /home/franchu/Escritorio/Cosas/turing/src/main/java/com/economato/inventory/aspect/OrderAuditAspect.java:[119,50] cannot find symbol
  symbol:   method getName()
  location: variable user of type com.economato.inventory.model.User
[ERROR] /home/franchu/Escritorio/Cosas/turing/src/main/java/com/economato/inventory/aspect/OrderAuditAspect.java:[130,31] cannot find symbol
  symbol:   method getId()
  location: variable orderAfter of type com.economato.inventory.model.Order
[ERROR] /home/franchu/Escritorio/Cosas/turing/src/main/java/com/economato/inventory/aspect/OrderAuditAspect.java:[143,34] cannot find symbol
  symbol:   method getId()
  location: variable order of type com.economato.inventory.model.Order
[ERROR] /home/franchu/Escritorio/Cosas/turing/src/main/java/com/economato/inventory/aspect/OrderAuditAspect.java:[144,38] cannot find symbol
  symbol:   method getStatus()
  location: variable order of type com.economato.inventory.model.Order
[ERROR] /home/franchu/Escritorio/Cosas/turing/src/main/java/com/economato/inventory/aspect/OrderAuditAspect.java:[145,42] cannot find symbol
  symbol:   method getOrderDate()
  location: variable order of type com.economato.inventory.model.Order
[ERROR] /home/franchu/Escritorio/Cosas/turing/src/main/java/com/economato/inventory/aspect/OrderAuditAspect.java:[146,41] cannot find symbol
  symbol:   method getUser()
  location: variable order of type com.economato.inventory.model.Order
[ERROR] /home/franchu/Escritorio/Cosas/turing/src/main/java/com/economato/inventory/aspect/OrderAuditAspect.java:[146,67] cannot find symbol
  symbol:   method getUser()
  location: variable order of type com.economato.inventory.model.Order
[ERROR] /home/franchu/Escritorio/Cosas/turing/src/main/java/com/economato/inventory/aspect/OrderAuditAspect.java:[147,46] cannot find symbol
  symbol:   method getDetails()
  location: variable order of type com.economato.inventory.model.Order
[ERROR] /home/franchu/Escritorio/Cosas/turing/src/main/java/com/economato/inventory/aspect/OrderAuditAspect.java:[147,75] cannot find symbol
  symbol:   method getDetails()
  location: variable order of type com.economato.inventory.model.Order
[ERROR] /home/franchu/Escritorio/Cosas/turing/src/main/java/com/economato/inventory/security/SecurityContextHelper.java:[27,13] cannot find symbol
  symbol:   variable log
  location: class com.economato.inventory.security.SecurityContextHelper
[ERROR] /home/franchu/Escritorio/Cosas/turing/src/main/java/com/economato/inventory/kafka/producer/AuditEventProducer.java:[33,63] cannot find symbol
  symbol:   method getProductId()
  location: variable event of type com.economato.inventory.dto.event.InventoryAuditEvent
[ERROR] /home/franchu/Escritorio/Cosas/turing/src/main/java/com/economato/inventory/kafka/producer/AuditEventProducer.java:[37,59] cannot find symbol
  symbol:   method getRecipeId()
  location: variable event of type com.economato.inventory.dto.event.RecipeAuditEvent
[ERROR] /home/franchu/Escritorio/Cosas/turing/src/main/java/com/economato/inventory/kafka/producer/AuditEventProducer.java:[41,57] cannot find symbol
  symbol:   method getOrderId()
  location: variable event of type com.economato.inventory.dto.event.OrderAuditEvent
[ERROR] /home/franchu/Escritorio/Cosas/turing/src/main/java/com/economato/inventory/kafka/producer/AuditEventProducer.java:[45,75] cannot find symbol
  symbol:   method getRecipeId()
  location: variable event of type com.economato.inventory.dto.event.RecipeCookingAuditEvent
[ERROR] /home/franchu/Escritorio/Cosas/turing/src/main/java/com/economato/inventory/kafka/producer/AuditEventProducer.java:[51,45] cannot find symbol
  symbol:   method builder()
  location: class com.economato.inventory.model.AuditOutbox
[ERROR] /home/franchu/Escritorio/Cosas/turing/src/main/java/com/economato/inventory/kafka/producer/AuditEventProducer.java:[57,13] cannot find symbol
  symbol:   variable log
  location: class com.economato.inventory.kafka.producer.AuditEventProducer
[ERROR] /home/franchu/Escritorio/Cosas/turing/src/main/java/com/economato/inventory/kafka/producer/AuditEventProducer.java:[59,13] cannot find symbol
  symbol:   variable log
  location: class com.economato.inventory.kafka.producer.AuditEventProducer
[ERROR] /home/franchu/Escritorio/Cosas/turing/src/main/java/com/economato/inventory/dto/response/OrderResponseDTO.java:[59,22] invalid method reference
  cannot find symbol
    symbol:   method getSubtotal()
    location: class com.economato.inventory.dto.response.OrderDetailResponseDTO
[ERROR] /home/franchu/Escritorio/Cosas/turing/src/main/java/com/economato/inventory/aspect/ProductAuditAspect.java:[91,44] cannot find symbol
  symbol:   method getName()
  location: variable dto of type com.economato.inventory.dto.request.ProductRequestDTO
[ERROR] /home/franchu/Escritorio/Cosas/turing/src/main/java/com/economato/inventory/aspect/ProductAuditAspect.java:[92,84] cannot find symbol
  symbol:   method getName()
  location: variable dto of type com.economato.inventory.dto.request.ProductRequestDTO
[ERROR] /home/franchu/Escritorio/Cosas/turing/src/main/java/com/economato/inventory/aspect/ProductAuditAspect.java:[94,60] cannot find symbol
  symbol:   method getName()
  location: variable dto of type com.economato.inventory.dto.request.ProductRequestDTO
[ERROR] /home/franchu/Escritorio/Cosas/turing/src/main/java/com/economato/inventory/aspect/ProductAuditAspect.java:[100,74] cannot find symbol
  symbol:   method getName()
  location: variable dto of type com.economato.inventory.dto.request.ProductRequestDTO
[ERROR] /home/franchu/Escritorio/Cosas/turing/src/main/java/com/economato/inventory/aspect/ProductAuditAspect.java:[113,60] cannot find symbol
  symbol:   method builder()
  location: class com.economato.inventory.dto.event.InventoryAuditEvent
[ERROR] /home/franchu/Escritorio/Cosas/turing/src/main/java/com/economato/inventory/aspect/ProductAuditAspect.java:[114,44] cannot find symbol
  symbol:   method getId()
  location: variable productAfter of type com.economato.inventory.model.Product
[ERROR] /home/franchu/Escritorio/Cosas/turing/src/main/java/com/economato/inventory/aspect/ProductAuditAspect.java:[115,46] cannot find symbol
  symbol:   method getName()
  location: variable productAfter of type com.economato.inventory.model.Product
[ERROR] /home/franchu/Escritorio/Cosas/turing/src/main/java/com/economato/inventory/aspect/ProductAuditAspect.java:[116,48] cannot find symbol
  symbol:   method getId()
  location: variable user of type com.economato.inventory.model.User
[ERROR] /home/franchu/Escritorio/Cosas/turing/src/main/java/com/economato/inventory/aspect/ProductAuditAspect.java:[117,50] cannot find symbol
  symbol:   method getName()
  location: variable user of type com.economato.inventory.model.User
[ERROR] /home/franchu/Escritorio/Cosas/turing/src/main/java/com/economato/inventory/aspect/ProductAuditAspect.java:[119,34] cannot find symbol
  symbol:   method getCurrentStock()
  location: variable dto of type com.economato.inventory.dto.request.ProductRequestDTO
[ERROR] /home/franchu/Escritorio/Cosas/turing/src/main/java/com/economato/inventory/aspect/ProductAuditAspect.java:[119,66] cannot find symbol
  symbol:   method getCurrentStock()
  location: variable dto of type com.economato.inventory.dto.request.ProductRequestDTO
[ERROR] /home/franchu/Escritorio/Cosas/turing/src/main/java/com/economato/inventory/aspect/ProductAuditAspect.java:[130,33] cannot find symbol
  symbol:   method getId()
  location: variable productAfter of type com.economato.inventory.model.Product
[ERROR] /home/franchu/Escritorio/Cosas/turing/src/main/java/com/economato/inventory/aspect/ProductAuditAspect.java:[143,36] cannot find symbol
  symbol:   method getId()
  location: variable product of type com.economato.inventory.model.Product
[ERROR] /home/franchu/Escritorio/Cosas/turing/src/main/java/com/economato/inventory/aspect/ProductAuditAspect.java:[144,40] cannot find symbol
  symbol:   method getName()
  location: variable product of type com.economato.inventory.model.Product
[ERROR] /home/franchu/Escritorio/Cosas/turing/src/main/java/com/economato/inventory/aspect/ProductAuditAspect.java:[145,38] cannot find symbol
  symbol:   method getType()
  location: variable product of type com.economato.inventory.model.Product
[ERROR] /home/franchu/Escritorio/Cosas/turing/src/main/java/com/economato/inventory/aspect/ProductAuditAspect.java:[146,40] cannot find symbol
  symbol:   method getUnit()
  location: variable product of type com.economato.inventory.model.Product
[ERROR] /home/franchu/Escritorio/Cosas/turing/src/main/java/com/economato/inventory/aspect/ProductAuditAspect.java:[147,48] cannot find symbol
  symbol:   method getUnitPrice()
  location: variable product of type com.economato.inventory.model.Product
[ERROR] /home/franchu/Escritorio/Cosas/turing/src/main/java/com/economato/inventory/aspect/ProductAuditAspect.java:[148,48] cannot find symbol
  symbol:   method getProductCode()
  location: variable product of type com.economato.inventory.model.Product
[ERROR] /home/franchu/Escritorio/Cosas/turing/src/main/java/com/economato/inventory/aspect/ProductAuditAspect.java:[149,45] cannot find symbol
  symbol:   method getCurrentStock()
  location: variable product of type com.economato.inventory.model.Product
[ERROR] /home/franchu/Escritorio/Cosas/turing/src/main/java/com/economato/inventory/aspect/RecipeAuditAspect.java:[93,43] cannot find symbol
  symbol:   method getName()
  location: variable dto of type com.economato.inventory.dto.request.RecipeRequestDTO
[ERROR] /home/franchu/Escritorio/Cosas/turing/src/main/java/com/economato/inventory/aspect/RecipeAuditAspect.java:[94,62] cannot find symbol
  symbol:   method getName()
  location: variable dto of type com.economato.inventory.dto.request.RecipeRequestDTO
[ERROR] /home/franchu/Escritorio/Cosas/turing/src/main/java/com/economato/inventory/aspect/RecipeAuditAspect.java:[98,72] cannot find symbol
  symbol:   method getName()
  location: variable dto of type com.economato.inventory.dto.request.RecipeRequestDTO
[ERROR] /home/franchu/Escritorio/Cosas/turing/src/main/java/com/economato/inventory/aspect/RecipeAuditAspect.java:[106,50] cannot find symbol
  symbol:   method getName()
  location: variable dto of type com.economato.inventory.dto.request.RecipeRequestDTO
[ERROR] /home/franchu/Escritorio/Cosas/turing/src/main/java/com/economato/inventory/aspect/RecipeAuditAspect.java:[108,32] cannot find symbol
  symbol:   method getElaboration()
  location: variable dto of type com.economato.inventory.dto.request.RecipeRequestDTO
[ERROR] /home/franchu/Escritorio/Cosas/turing/src/main/java/com/economato/inventory/aspect/RecipeAuditAspect.java:[109,34] cannot find symbol
  symbol:   method getElaboration()
  location: variable dto of type com.economato.inventory.dto.request.RecipeRequestDTO
[ERROR] /home/franchu/Escritorio/Cosas/turing/src/main/java/com/economato/inventory/aspect/RecipeAuditAspect.java:[109,82] cannot find symbol
  symbol:   method getElaboration()
  location: variable dto of type com.economato.inventory.dto.request.RecipeRequestDTO
[ERROR] /home/franchu/Escritorio/Cosas/turing/src/main/java/com/economato/inventory/aspect/RecipeAuditAspect.java:[113,32] cannot find symbol
  symbol:   method getPresentation()
  location: variable dto of type com.economato.inventory.dto.request.RecipeRequestDTO
[ERROR] /home/franchu/Escritorio/Cosas/turing/src/main/java/com/economato/inventory/aspect/RecipeAuditAspect.java:[114,34] cannot find symbol
  symbol:   method getPresentation()
  location: variable dto of type com.economato.inventory.dto.request.RecipeRequestDTO
[ERROR] /home/franchu/Escritorio/Cosas/turing/src/main/java/com/economato/inventory/aspect/RecipeAuditAspect.java:[114,83] cannot find symbol
  symbol:   method getPresentation()
  location: variable dto of type com.economato.inventory.dto.request.RecipeRequestDTO
[ERROR] /home/franchu/Escritorio/Cosas/turing/src/main/java/com/economato/inventory/aspect/RecipeAuditAspect.java:[117,55] cannot find symbol
  symbol:   method getComponents()
  location: variable dto of type com.economato.inventory.dto.request.RecipeRequestDTO
[ERROR] /home/franchu/Escritorio/Cosas/turing/src/main/java/com/economato/inventory/aspect/RecipeAuditAspect.java:[117,85] cannot find symbol
  symbol:   method getComponents()
  location: variable dto of type com.economato.inventory.dto.request.RecipeRequestDTO
[ERROR] /home/franchu/Escritorio/Cosas/turing/src/main/java/com/economato/inventory/aspect/RecipeAuditAspect.java:[118,20] cannot find symbol
  symbol:   method getAllergenIds()
  location: variable dto of type com.economato.inventory.dto.request.RecipeRequestDTO
[ERROR] /home/franchu/Escritorio/Cosas/turing/src/main/java/com/economato/inventory/aspect/RecipeAuditAspect.java:[118,53] cannot find symbol
  symbol:   method getAllergenIds()
  location: variable dto of type com.economato.inventory.dto.request.RecipeRequestDTO
[ERROR] /home/franchu/Escritorio/Cosas/turing/src/main/java/com/economato/inventory/aspect/RecipeAuditAspect.java:[119,59] cannot find symbol
  symbol:   method getAllergenIds()
  location: variable dto of type com.economato.inventory.dto.request.RecipeRequestDTO
[ERROR] /home/franchu/Escritorio/Cosas/turing/src/main/java/com/economato/inventory/aspect/RecipeAuditAspect.java:[126,54] cannot find symbol
  symbol:   method builder()
  location: class com.economato.inventory.dto.event.RecipeAuditEvent
[ERROR] /home/franchu/Escritorio/Cosas/turing/src/main/java/com/economato/inventory/aspect/RecipeAuditAspect.java:[127,42] cannot find symbol
  symbol:   method getId()
  location: variable recipeAfter of type com.economato.inventory.model.Recipe
[ERROR] /home/franchu/Escritorio/Cosas/turing/src/main/java/com/economato/inventory/aspect/RecipeAuditAspect.java:[128,44] cannot find symbol
  symbol:   method getName()
  location: variable recipeAfter of type com.economato.inventory.model.Recipe
[ERROR] /home/franchu/Escritorio/Cosas/turing/src/main/java/com/economato/inventory/aspect/RecipeAuditAspect.java:[129,48] cannot find symbol
  symbol:   method getId()
  location: variable user of type com.economato.inventory.model.User
[ERROR] /home/franchu/Escritorio/Cosas/turing/src/main/java/com/economato/inventory/aspect/RecipeAuditAspect.java:[130,50] cannot find symbol
  symbol:   method getName()
  location: variable user of type com.economato.inventory.model.User
[ERROR] /home/franchu/Escritorio/Cosas/turing/src/main/java/com/economato/inventory/aspect/RecipeAuditAspect.java:[142,32] cannot find symbol
  symbol:   method getId()
  location: variable recipeAfter of type com.economato.inventory.model.Recipe
[ERROR] /home/franchu/Escritorio/Cosas/turing/src/main/java/com/economato/inventory/aspect/RecipeAuditAspect.java:[155,35] cannot find symbol
  symbol:   method getId()
  location: variable recipe of type com.economato.inventory.model.Recipe
[ERROR] /home/franchu/Escritorio/Cosas/turing/src/main/java/com/economato/inventory/aspect/RecipeAuditAspect.java:[156,39] cannot find symbol
  symbol:   method getName()
  location: variable recipe of type com.economato.inventory.model.Recipe
[ERROR] /home/franchu/Escritorio/Cosas/turing/src/main/java/com/economato/inventory/aspect/RecipeAuditAspect.java:[157,44] cannot find symbol
  symbol:   method getElaboration()
  location: variable recipe of type com.economato.inventory.model.Recipe
[ERROR] /home/franchu/Escritorio/Cosas/turing/src/main/java/com/economato/inventory/aspect/RecipeAuditAspect.java:[158,45] cannot find symbol
  symbol:   method getPresentation()
  location: variable recipe of type com.economato.inventory.model.Recipe
[ERROR] /home/franchu/Escritorio/Cosas/turing/src/main/java/com/economato/inventory/aspect/RecipeAuditAspect.java:[159,43] cannot find symbol
  symbol:   method getTotalCost()
  location: variable recipe of type com.economato.inventory.model.Recipe
[ERROR] /home/franchu/Escritorio/Cosas/turing/src/main/java/com/economato/inventory/aspect/RecipeAuditAspect.java:[160,44] cannot find symbol
  symbol:   method getComponents()
  location: variable recipe of type com.economato.inventory.model.Recipe
[ERROR] /home/franchu/Escritorio/Cosas/turing/src/main/java/com/economato/inventory/aspect/RecipeAuditAspect.java:[166,42] cannot find symbol
  symbol:   method getAllergens()
  location: variable recipe of type com.economato.inventory.model.Recipe
[ERROR] /home/franchu/Escritorio/Cosas/turing/src/main/java/com/economato/inventory/model/Recipe.java:[63,18] cannot find symbol
  symbol:   method setParentRecipe(com.economato.inventory.model.Recipe)
  location: variable component of type com.economato.inventory.model.RecipeComponent
[ERROR] /home/franchu/Escritorio/Cosas/turing/src/main/java/com/economato/inventory/model/Recipe.java:[68,18] cannot find symbol
  symbol:   method setParentRecipe(<nulltype>)
  location: variable component of type com.economato.inventory.model.RecipeComponent
[ERROR] /home/franchu/Escritorio/Cosas/turing/src/main/java/com/economato/inventory/aspect/RecipeCookingAuditAspect.java:[69,80] cannot find symbol
  symbol:   method getRecipeId()
  location: variable cookingRequest of type com.economato.inventory.dto.request.RecipeCookingRequestDTO
[ERROR] /home/franchu/Escritorio/Cosas/turing/src/main/java/com/economato/inventory/aspect/RecipeCookingAuditAspect.java:[73,83] cannot find symbol
  symbol:   method getRecipeId()
  location: variable cookingRequest of type com.economato.inventory.dto.request.RecipeCookingRequestDTO
[ERROR] /home/franchu/Escritorio/Cosas/turing/src/main/java/com/economato/inventory/aspect/RecipeCookingAuditAspect.java:[82,62] cannot find symbol
  symbol:   method getName()
  location: variable recipe of type com.economato.inventory.model.Recipe
[ERROR] /home/franchu/Escritorio/Cosas/turing/src/main/java/com/economato/inventory/aspect/RecipeCookingAuditAspect.java:[83,66] cannot find symbol
  symbol:   method getQuantity()
  location: variable cookingRequest of type com.economato.inventory.dto.request.RecipeCookingRequestDTO
[ERROR] /home/franchu/Escritorio/Cosas/turing/src/main/java/com/economato/inventory/aspect/RecipeCookingAuditAspect.java:[84,31] cannot find symbol
  symbol:   method getDetails()
  location: variable cookingRequest of type com.economato.inventory.dto.request.RecipeCookingRequestDTO
[ERROR] /home/franchu/Escritorio/Cosas/turing/src/main/java/com/economato/inventory/aspect/RecipeCookingAuditAspect.java:[84,71] cannot find symbol
  symbol:   method getDetails()
  location: variable cookingRequest of type com.economato.inventory.dto.request.RecipeCookingRequestDTO
[ERROR] /home/franchu/Escritorio/Cosas/turing/src/main/java/com/economato/inventory/aspect/RecipeCookingAuditAspect.java:[85,60] cannot find symbol
  symbol:   method getDetails()
  location: variable cookingRequest of type com.economato.inventory.dto.request.RecipeCookingRequestDTO
[ERROR] /home/franchu/Escritorio/Cosas/turing/src/main/java/com/economato/inventory/aspect/RecipeCookingAuditAspect.java:[88,68] cannot find symbol
  symbol:   method builder()
  location: class com.economato.inventory.dto.event.RecipeCookingAuditEvent
[ERROR] /home/franchu/Escritorio/Cosas/turing/src/main/java/com/economato/inventory/aspect/RecipeCookingAuditAspect.java:[89,37] cannot find symbol
  symbol:   method getId()
  location: variable recipe of type com.economato.inventory.model.Recipe
[ERROR] /home/franchu/Escritorio/Cosas/turing/src/main/java/com/economato/inventory/aspect/RecipeCookingAuditAspect.java:[90,39] cannot find symbol
  symbol:   method getName()
  location: variable recipe of type com.economato.inventory.model.Recipe
[ERROR] /home/franchu/Escritorio/Cosas/turing/src/main/java/com/economato/inventory/aspect/RecipeCookingAuditAspect.java:[91,48] cannot find symbol
  symbol:   method getId()
  location: variable user of type com.economato.inventory.model.User
[ERROR] /home/franchu/Escritorio/Cosas/turing/src/main/java/com/economato/inventory/aspect/RecipeCookingAuditAspect.java:[92,50] cannot find symbol
  symbol:   method getName()
  location: variable user of type com.economato.inventory.model.User
[ERROR] /home/franchu/Escritorio/Cosas/turing/src/main/java/com/economato/inventory/aspect/RecipeCookingAuditAspect.java:[93,51] cannot find symbol
  symbol:   method getQuantity()
  location: variable cookingRequest of type com.economato.inventory.dto.request.RecipeCookingRequestDTO
[ERROR] /home/franchu/Escritorio/Cosas/turing/src/main/java/com/economato/inventory/aspect/RecipeCookingAuditAspect.java:[102,27] cannot find symbol
  symbol:   method getName()
  location: variable recipe of type com.economato.inventory.model.Recipe
[ERROR] /home/franchu/Escritorio/Cosas/turing/src/main/java/com/economato/inventory/aspect/RecipeCookingAuditAspect.java:[102,53] cannot find symbol
  symbol:   method getQuantity()
  location: variable cookingRequest of type com.economato.inventory.dto.request.RecipeCookingRequestDTO
[ERROR] /home/franchu/Escritorio/Cosas/turing/src/main/java/com/economato/inventory/aspect/RecipeCookingAuditAspect.java:[102,88] cannot find symbol
  symbol:   method getName()
  location: variable user of type com.economato.inventory.model.User
[ERROR] /home/franchu/Escritorio/Cosas/turing/src/main/java/com/economato/inventory/aspect/RecipeCookingAuditAspect.java:[116,23] cannot find symbol
  symbol:   method getComponents()
  location: variable recipe of type com.economato.inventory.model.Recipe
[ERROR] /home/franchu/Escritorio/Cosas/turing/src/main/java/com/economato/inventory/aspect/RecipeCookingAuditAspect.java:[116,58] cannot find symbol
  symbol:   method getComponents()
  location: variable recipe of type com.economato.inventory.model.Recipe
[ERROR] /home/franchu/Escritorio/Cosas/turing/src/main/java/com/economato/inventory/aspect/RecipeCookingAuditAspect.java:[117,40] cannot find symbol
  symbol:   method getComponents()
  location: variable recipe of type com.economato.inventory.model.Recipe
[ERROR] /home/franchu/Escritorio/Cosas/turing/src/main/java/com/economato/inventory/config/DataSourceAspect.java:[20,16] java.lang.ScopedValue is a preview API and is disabled by default.
  (use --enable-preview to enable preview APIs)
[ERROR] /home/franchu/Escritorio/Cosas/turing/src/main/java/com/economato/inventory/config/DbContextHolder.java:[5,63] java.lang.ScopedValue is a preview API and is disabled by default.
  (use --enable-preview to enable preview APIs)
[ERROR] /home/franchu/Escritorio/Cosas/turing/src/main/java/com/economato/inventory/controller/AllergenController.java:[85,77] cannot find symbol
  symbol:   method getId()
  location: variable created of type com.economato.inventory.dto.response.AllergenResponseDTO
[ERROR] /home/franchu/Escritorio/Cosas/turing/src/main/java/com/economato/inventory/service/AuthService.java:[44,37] cannot find symbol
  symbol:   method getName()
  location: variable loginRequest of type com.economato.inventory.dto.request.LoginRequestDTO
[ERROR] /home/franchu/Escritorio/Cosas/turing/src/main/java/com/economato/inventory/service/AuthService.java:[45,37] cannot find symbol
  symbol:   method getPassword()
  location: variable loginRequest of type com.economato.inventory.dto.request.LoginRequestDTO
[ERROR] /home/franchu/Escritorio/Cosas/turing/src/main/java/com/economato/inventory/security/JwtUtils.java:[30,75] cannot find symbol
  symbol:   method getSecret()
  location: variable jwtProperties of type com.economato.inventory.config.JwtProperties
[ERROR] /home/franchu/Escritorio/Cosas/turing/src/main/java/com/economato/inventory/security/JwtUtils.java:[44,65] cannot find symbol
  symbol:   method getExpiration()
  location: variable jwtProperties of type com.economato.inventory.config.JwtProperties
[ERROR] /home/franchu/Escritorio/Cosas/turing/src/main/java/com/economato/inventory/security/JwtUtils.java:[54,16] constructor LoginResponseDTO in class com.economato.inventory.dto.response.LoginResponseDTO cannot be applied to given types;
  required: no arguments
  found:    java.lang.String,com.economato.inventory.model.Role
  reason: actual and formal argument lists differ in length
[INFO] 100 errors 
[INFO] -------------------------------------------------------------
[INFO] ------------------------------------------------------------------------
[INFO] BUILD FAILURE
[INFO] ------------------------------------------------------------------------
[INFO] Total time:  1.594 s
[INFO] Finished at: 2026-02-27T17:07:08Z
[INFO] ------------------------------------------------------------------------
[ERROR] Failed to execute goal org.apache.maven.plugins:maven-compiler-plugin:3.13.0:compile (default-compile) on project inventory: Compilation failure: Compilation failure: 
[ERROR] /home/franchu/Escritorio/Cosas/turing/src/main/java/com/economato/inventory/config/DbContextHolder.java:[5,25] java.lang.ScopedValue is a preview API and is disabled by default.
[ERROR]   (use --enable-preview to enable preview APIs)
[ERROR] /home/franchu/Escritorio/Cosas/turing/src/main/java/com/economato/inventory/aspect/OrderAuditAspect.java:[59,39] cannot find symbol
[ERROR]   symbol:   method getOrderId()
[ERROR]   location: variable receptionDto of type com.economato.inventory.dto.request.OrderReceptionRequestDTO
[ERROR] /home/franchu/Escritorio/Cosas/turing/src/main/java/com/economato/inventory/aspect/OrderAuditAspect.java:[60,41] cannot find symbol
[ERROR]   symbol:   method getStatus()
[ERROR]   location: variable receptionDto of type com.economato.inventory.dto.request.OrderReceptionRequestDTO
[ERROR] /home/franchu/Escritorio/Cosas/turing/src/main/java/com/economato/inventory/aspect/OrderAuditAspect.java:[116,52] cannot find symbol
[ERROR]   symbol:   method builder()
[ERROR]   location: class com.economato.inventory.dto.event.OrderAuditEvent
[ERROR] /home/franchu/Escritorio/Cosas/turing/src/main/java/com/economato/inventory/aspect/OrderAuditAspect.java:[117,40] cannot find symbol
[ERROR]   symbol:   method getId()
[ERROR]   location: variable orderAfter of type com.economato.inventory.model.Order
[ERROR] /home/franchu/Escritorio/Cosas/turing/src/main/java/com/economato/inventory/aspect/OrderAuditAspect.java:[118,48] cannot find symbol
[ERROR]   symbol:   method getId()
[ERROR]   location: variable user of type com.economato.inventory.model.User
[ERROR] /home/franchu/Escritorio/Cosas/turing/src/main/java/com/economato/inventory/aspect/OrderAuditAspect.java:[119,50] cannot find symbol
[ERROR]   symbol:   method getName()
[ERROR]   location: variable user of type com.economato.inventory.model.User
[ERROR] /home/franchu/Escritorio/Cosas/turing/src/main/java/com/economato/inventory/aspect/OrderAuditAspect.java:[130,31] cannot find symbol
[ERROR]   symbol:   method getId()
[ERROR]   location: variable orderAfter of type com.economato.inventory.model.Order
[ERROR] /home/franchu/Escritorio/Cosas/turing/src/main/java/com/economato/inventory/aspect/OrderAuditAspect.java:[143,34] cannot find symbol
[ERROR]   symbol:   method getId()
[ERROR]   location: variable order of type com.economato.inventory.model.Order
[ERROR] /home/franchu/Escritorio/Cosas/turing/src/main/java/com/economato/inventory/aspect/OrderAuditAspect.java:[144,38] cannot find symbol
[ERROR]   symbol:   method getStatus()
[ERROR]   location: variable order of type com.economato.inventory.model.Order
[ERROR] /home/franchu/Escritorio/Cosas/turing/src/main/java/com/economato/inventory/aspect/OrderAuditAspect.java:[145,42] cannot find symbol
[ERROR]   symbol:   method getOrderDate()
[ERROR]   location: variable order of type com.economato.inventory.model.Order
[ERROR] /home/franchu/Escritorio/Cosas/turing/src/main/java/com/economato/inventory/aspect/OrderAuditAspect.java:[146,41] cannot find symbol
[ERROR]   symbol:   method getUser()
[ERROR]   location: variable order of type com.economato.inventory.model.Order
[ERROR] /home/franchu/Escritorio/Cosas/turing/src/main/java/com/economato/inventory/aspect/OrderAuditAspect.java:[146,67] cannot find symbol
[ERROR]   symbol:   method getUser()
[ERROR]   location: variable order of type com.economato.inventory.model.Order
[ERROR] /home/franchu/Escritorio/Cosas/turing/src/main/java/com/economato/inventory/aspect/OrderAuditAspect.java:[147,46] cannot find symbol
[ERROR]   symbol:   method getDetails()
[ERROR]   location: variable order of type com.economato.inventory.model.Order
[ERROR] /home/franchu/Escritorio/Cosas/turing/src/main/java/com/economato/inventory/aspect/OrderAuditAspect.java:[147,75] cannot find symbol
[ERROR]   symbol:   method getDetails()
[ERROR]   location: variable order of type com.economato.inventory.model.Order
[ERROR] /home/franchu/Escritorio/Cosas/turing/src/main/java/com/economato/inventory/security/SecurityContextHelper.java:[27,13] cannot find symbol
[ERROR]   symbol:   variable log
[ERROR]   location: class com.economato.inventory.security.SecurityContextHelper
[ERROR] /home/franchu/Escritorio/Cosas/turing/src/main/java/com/economato/inventory/kafka/producer/AuditEventProducer.java:[33,63] cannot find symbol
[ERROR]   symbol:   method getProductId()
[ERROR]   location: variable event of type com.economato.inventory.dto.event.InventoryAuditEvent
[ERROR] /home/franchu/Escritorio/Cosas/turing/src/main/java/com/economato/inventory/kafka/producer/AuditEventProducer.java:[37,59] cannot find symbol
[ERROR]   symbol:   method getRecipeId()
[ERROR]   location: variable event of type com.economato.inventory.dto.event.RecipeAuditEvent
[ERROR] /home/franchu/Escritorio/Cosas/turing/src/main/java/com/economato/inventory/kafka/producer/AuditEventProducer.java:[41,57] cannot find symbol
[ERROR]   symbol:   method getOrderId()
[ERROR]   location: variable event of type com.economato.inventory.dto.event.OrderAuditEvent
[ERROR] /home/franchu/Escritorio/Cosas/turing/src/main/java/com/economato/inventory/kafka/producer/AuditEventProducer.java:[45,75] cannot find symbol
[ERROR]   symbol:   method getRecipeId()
[ERROR]   location: variable event of type com.economato.inventory.dto.event.RecipeCookingAuditEvent
[ERROR] /home/franchu/Escritorio/Cosas/turing/src/main/java/com/economato/inventory/kafka/producer/AuditEventProducer.java:[51,45] cannot find symbol
[ERROR]   symbol:   method builder()
[ERROR]   location: class com.economato.inventory.model.AuditOutbox
[ERROR] /home/franchu/Escritorio/Cosas/turing/src/main/java/com/economato/inventory/kafka/producer/AuditEventProducer.java:[57,13] cannot find symbol
[ERROR]   symbol:   variable log
[ERROR]   location: class com.economato.inventory.kafka.producer.AuditEventProducer
[ERROR] /home/franchu/Escritorio/Cosas/turing/src/main/java/com/economato/inventory/kafka/producer/AuditEventProducer.java:[59,13] cannot find symbol
[ERROR]   symbol:   variable log
[ERROR]   location: class com.economato.inventory.kafka.producer.AuditEventProducer
[ERROR] /home/franchu/Escritorio/Cosas/turing/src/main/java/com/economato/inventory/dto/response/OrderResponseDTO.java:[59,22] invalid method reference
[ERROR]   cannot find symbol
[ERROR]     symbol:   method getSubtotal()
[ERROR]     location: class com.economato.inventory.dto.response.OrderDetailResponseDTO
[ERROR] /home/franchu/Escritorio/Cosas/turing/src/main/java/com/economato/inventory/aspect/ProductAuditAspect.java:[91,44] cannot find symbol
[ERROR]   symbol:   method getName()
[ERROR]   location: variable dto of type com.economato.inventory.dto.request.ProductRequestDTO
[ERROR] /home/franchu/Escritorio/Cosas/turing/src/main/java/com/economato/inventory/aspect/ProductAuditAspect.java:[92,84] cannot find symbol
[ERROR]   symbol:   method getName()
[ERROR]   location: variable dto of type com.economato.inventory.dto.request.ProductRequestDTO
[ERROR] /home/franchu/Escritorio/Cosas/turing/src/main/java/com/economato/inventory/aspect/ProductAuditAspect.java:[94,60] cannot find symbol
[ERROR]   symbol:   method getName()
[ERROR]   location: variable dto of type com.economato.inventory.dto.request.ProductRequestDTO
[ERROR] /home/franchu/Escritorio/Cosas/turing/src/main/java/com/economato/inventory/aspect/ProductAuditAspect.java:[100,74] cannot find symbol
[ERROR]   symbol:   method getName()
[ERROR]   location: variable dto of type com.economato.inventory.dto.request.ProductRequestDTO
[ERROR] /home/franchu/Escritorio/Cosas/turing/src/main/java/com/economato/inventory/aspect/ProductAuditAspect.java:[113,60] cannot find symbol
[ERROR]   symbol:   method builder()
[ERROR]   location: class com.economato.inventory.dto.event.InventoryAuditEvent
[ERROR] /home/franchu/Escritorio/Cosas/turing/src/main/java/com/economato/inventory/aspect/ProductAuditAspect.java:[114,44] cannot find symbol
[ERROR]   symbol:   method getId()
[ERROR]   location: variable productAfter of type com.economato.inventory.model.Product
[ERROR] /home/franchu/Escritorio/Cosas/turing/src/main/java/com/economato/inventory/aspect/ProductAuditAspect.java:[115,46] cannot find symbol
[ERROR]   symbol:   method getName()
[ERROR]   location: variable productAfter of type com.economato.inventory.model.Product
[ERROR] /home/franchu/Escritorio/Cosas/turing/src/main/java/com/economato/inventory/aspect/ProductAuditAspect.java:[116,48] cannot find symbol
[ERROR]   symbol:   method getId()
[ERROR]   location: variable user of type com.economato.inventory.model.User
[ERROR] /home/franchu/Escritorio/Cosas/turing/src/main/java/com/economato/inventory/aspect/ProductAuditAspect.java:[117,50] cannot find symbol
[ERROR]   symbol:   method getName()
[ERROR]   location: variable user of type com.economato.inventory.model.User
[ERROR] /home/franchu/Escritorio/Cosas/turing/src/main/java/com/economato/inventory/aspect/ProductAuditAspect.java:[119,34] cannot find symbol
[ERROR]   symbol:   method getCurrentStock()
[ERROR]   location: variable dto of type com.economato.inventory.dto.request.ProductRequestDTO
[ERROR] /home/franchu/Escritorio/Cosas/turing/src/main/java/com/economato/inventory/aspect/ProductAuditAspect.java:[119,66] cannot find symbol
[ERROR]   symbol:   method getCurrentStock()
[ERROR]   location: variable dto of type com.economato.inventory.dto.request.ProductRequestDTO
[ERROR] /home/franchu/Escritorio/Cosas/turing/src/main/java/com/economato/inventory/aspect/ProductAuditAspect.java:[130,33] cannot find symbol
[ERROR]   symbol:   method getId()
[ERROR]   location: variable productAfter of type com.economato.inventory.model.Product
[ERROR] /home/franchu/Escritorio/Cosas/turing/src/main/java/com/economato/inventory/aspect/ProductAuditAspect.java:[143,36] cannot find symbol
[ERROR]   symbol:   method getId()
[ERROR]   location: variable product of type com.economato.inventory.model.Product
[ERROR] /home/franchu/Escritorio/Cosas/turing/src/main/java/com/economato/inventory/aspect/ProductAuditAspect.java:[144,40] cannot find symbol
[ERROR]   symbol:   method getName()
[ERROR]   location: variable product of type com.economato.inventory.model.Product
[ERROR] /home/franchu/Escritorio/Cosas/turing/src/main/java/com/economato/inventory/aspect/ProductAuditAspect.java:[145,38] cannot find symbol
[ERROR]   symbol:   method getType()
[ERROR]   location: variable product of type com.economato.inventory.model.Product
[ERROR] /home/franchu/Escritorio/Cosas/turing/src/main/java/com/economato/inventory/aspect/ProductAuditAspect.java:[146,40] cannot find symbol
[ERROR]   symbol:   method getUnit()
[ERROR]   location: variable product of type com.economato.inventory.model.Product
[ERROR] /home/franchu/Escritorio/Cosas/turing/src/main/java/com/economato/inventory/aspect/ProductAuditAspect.java:[147,48] cannot find symbol
[ERROR]   symbol:   method getUnitPrice()
[ERROR]   location: variable product of type com.economato.inventory.model.Product
[ERROR] /home/franchu/Escritorio/Cosas/turing/src/main/java/com/economato/inventory/aspect/ProductAuditAspect.java:[148,48] cannot find symbol
[ERROR]   symbol:   method getProductCode()
[ERROR]   location: variable product of type com.economato.inventory.model.Product
[ERROR] /home/franchu/Escritorio/Cosas/turing/src/main/java/com/economato/inventory/aspect/ProductAuditAspect.java:[149,45] cannot find symbol
[ERROR]   symbol:   method getCurrentStock()
[ERROR]   location: variable product of type com.economato.inventory.model.Product
[ERROR] /home/franchu/Escritorio/Cosas/turing/src/main/java/com/economato/inventory/aspect/RecipeAuditAspect.java:[93,43] cannot find symbol
[ERROR]   symbol:   method getName()
[ERROR]   location: variable dto of type com.economato.inventory.dto.request.RecipeRequestDTO
[ERROR] /home/franchu/Escritorio/Cosas/turing/src/main/java/com/economato/inventory/aspect/RecipeAuditAspect.java:[94,62] cannot find symbol
[ERROR]   symbol:   method getName()
[ERROR]   location: variable dto of type com.economato.inventory.dto.request.RecipeRequestDTO
[ERROR] /home/franchu/Escritorio/Cosas/turing/src/main/java/com/economato/inventory/aspect/RecipeAuditAspect.java:[98,72] cannot find symbol
[ERROR]   symbol:   method getName()
[ERROR]   location: variable dto of type com.economato.inventory.dto.request.RecipeRequestDTO
[ERROR] /home/franchu/Escritorio/Cosas/turing/src/main/java/com/economato/inventory/aspect/RecipeAuditAspect.java:[106,50] cannot find symbol
[ERROR]   symbol:   method getName()
[ERROR]   location: variable dto of type com.economato.inventory.dto.request.RecipeRequestDTO
[ERROR] /home/franchu/Escritorio/Cosas/turing/src/main/java/com/economato/inventory/aspect/RecipeAuditAspect.java:[108,32] cannot find symbol
[ERROR]   symbol:   method getElaboration()
[ERROR]   location: variable dto of type com.economato.inventory.dto.request.RecipeRequestDTO
[ERROR] /home/franchu/Escritorio/Cosas/turing/src/main/java/com/economato/inventory/aspect/RecipeAuditAspect.java:[109,34] cannot find symbol
[ERROR]   symbol:   method getElaboration()
[ERROR]   location: variable dto of type com.economato.inventory.dto.request.RecipeRequestDTO
[ERROR] /home/franchu/Escritorio/Cosas/turing/src/main/java/com/economato/inventory/aspect/RecipeAuditAspect.java:[109,82] cannot find symbol
[ERROR]   symbol:   method getElaboration()
[ERROR]   location: variable dto of type com.economato.inventory.dto.request.RecipeRequestDTO
[ERROR] /home/franchu/Escritorio/Cosas/turing/src/main/java/com/economato/inventory/aspect/RecipeAuditAspect.java:[113,32] cannot find symbol
[ERROR]   symbol:   method getPresentation()
[ERROR]   location: variable dto of type com.economato.inventory.dto.request.RecipeRequestDTO
[ERROR] /home/franchu/Escritorio/Cosas/turing/src/main/java/com/economato/inventory/aspect/RecipeAuditAspect.java:[114,34] cannot find symbol
[ERROR]   symbol:   method getPresentation()
[ERROR]   location: variable dto of type com.economato.inventory.dto.request.RecipeRequestDTO
[ERROR] /home/franchu/Escritorio/Cosas/turing/src/main/java/com/economato/inventory/aspect/RecipeAuditAspect.java:[114,83] cannot find symbol
[ERROR]   symbol:   method getPresentation()
[ERROR]   location: variable dto of type com.economato.inventory.dto.request.RecipeRequestDTO
[ERROR] /home/franchu/Escritorio/Cosas/turing/src/main/java/com/economato/inventory/aspect/RecipeAuditAspect.java:[117,55] cannot find symbol
[ERROR]   symbol:   method getComponents()
[ERROR]   location: variable dto of type com.economato.inventory.dto.request.RecipeRequestDTO
[ERROR] /home/franchu/Escritorio/Cosas/turing/src/main/java/com/economato/inventory/aspect/RecipeAuditAspect.java:[117,85] cannot find symbol
[ERROR]   symbol:   method getComponents()
[ERROR]   location: variable dto of type com.economato.inventory.dto.request.RecipeRequestDTO
[ERROR] /home/franchu/Escritorio/Cosas/turing/src/main/java/com/economato/inventory/aspect/RecipeAuditAspect.java:[118,20] cannot find symbol
[ERROR]   symbol:   method getAllergenIds()
[ERROR]   location: variable dto of type com.economato.inventory.dto.request.RecipeRequestDTO
[ERROR] /home/franchu/Escritorio/Cosas/turing/src/main/java/com/economato/inventory/aspect/RecipeAuditAspect.java:[118,53] cannot find symbol
[ERROR]   symbol:   method getAllergenIds()
[ERROR]   location: variable dto of type com.economato.inventory.dto.request.RecipeRequestDTO
[ERROR] /home/franchu/Escritorio/Cosas/turing/src/main/java/com/economato/inventory/aspect/RecipeAuditAspect.java:[119,59] cannot find symbol
[ERROR]   symbol:   method getAllergenIds()
[ERROR]   location: variable dto of type com.economato.inventory.dto.request.RecipeRequestDTO
[ERROR] /home/franchu/Escritorio/Cosas/turing/src/main/java/com/economato/inventory/aspect/RecipeAuditAspect.java:[126,54] cannot find symbol
[ERROR]   symbol:   method builder()
[ERROR]   location: class com.economato.inventory.dto.event.RecipeAuditEvent
[ERROR] /home/franchu/Escritorio/Cosas/turing/src/main/java/com/economato/inventory/aspect/RecipeAuditAspect.java:[127,42] cannot find symbol
[ERROR]   symbol:   method getId()
[ERROR]   location: variable recipeAfter of type com.economato.inventory.model.Recipe
[ERROR] /home/franchu/Escritorio/Cosas/turing/src/main/java/com/economato/inventory/aspect/RecipeAuditAspect.java:[128,44] cannot find symbol
[ERROR]   symbol:   method getName()
[ERROR]   location: variable recipeAfter of type com.economato.inventory.model.Recipe
[ERROR] /home/franchu/Escritorio/Cosas/turing/src/main/java/com/economato/inventory/aspect/RecipeAuditAspect.java:[129,48] cannot find symbol
[ERROR]   symbol:   method getId()
[ERROR]   location: variable user of type com.economato.inventory.model.User
[ERROR] /home/franchu/Escritorio/Cosas/turing/src/main/java/com/economato/inventory/aspect/RecipeAuditAspect.java:[130,50] cannot find symbol
[ERROR]   symbol:   method getName()
[ERROR]   location: variable user of type com.economato.inventory.model.User
[ERROR] /home/franchu/Escritorio/Cosas/turing/src/main/java/com/economato/inventory/aspect/RecipeAuditAspect.java:[142,32] cannot find symbol
[ERROR]   symbol:   method getId()
[ERROR]   location: variable recipeAfter of type com.economato.inventory.model.Recipe
[ERROR] /home/franchu/Escritorio/Cosas/turing/src/main/java/com/economato/inventory/aspect/RecipeAuditAspect.java:[155,35] cannot find symbol
[ERROR]   symbol:   method getId()
[ERROR]   location: variable recipe of type com.economato.inventory.model.Recipe
[ERROR] /home/franchu/Escritorio/Cosas/turing/src/main/java/com/economato/inventory/aspect/RecipeAuditAspect.java:[156,39] cannot find symbol
[ERROR]   symbol:   method getName()
[ERROR]   location: variable recipe of type com.economato.inventory.model.Recipe
[ERROR] /home/franchu/Escritorio/Cosas/turing/src/main/java/com/economato/inventory/aspect/RecipeAuditAspect.java:[157,44] cannot find symbol
[ERROR]   symbol:   method getElaboration()
[ERROR]   location: variable recipe of type com.economato.inventory.model.Recipe
[ERROR] /home/franchu/Escritorio/Cosas/turing/src/main/java/com/economato/inventory/aspect/RecipeAuditAspect.java:[158,45] cannot find symbol
[ERROR]   symbol:   method getPresentation()
[ERROR]   location: variable recipe of type com.economato.inventory.model.Recipe
[ERROR] /home/franchu/Escritorio/Cosas/turing/src/main/java/com/economato/inventory/aspect/RecipeAuditAspect.java:[159,43] cannot find symbol
[ERROR]   symbol:   method getTotalCost()
[ERROR]   location: variable recipe of type com.economato.inventory.model.Recipe
[ERROR] /home/franchu/Escritorio/Cosas/turing/src/main/java/com/economato/inventory/aspect/RecipeAuditAspect.java:[160,44] cannot find symbol
[ERROR]   symbol:   method getComponents()
[ERROR]   location: variable recipe of type com.economato.inventory.model.Recipe
[ERROR] /home/franchu/Escritorio/Cosas/turing/src/main/java/com/economato/inventory/aspect/RecipeAuditAspect.java:[166,42] cannot find symbol
[ERROR]   symbol:   method getAllergens()
[ERROR]   location: variable recipe of type com.economato.inventory.model.Recipe
[ERROR] /home/franchu/Escritorio/Cosas/turing/src/main/java/com/economato/inventory/model/Recipe.java:[63,18] cannot find symbol
[ERROR]   symbol:   method setParentRecipe(com.economato.inventory.model.Recipe)
[ERROR]   location: variable component of type com.economato.inventory.model.RecipeComponent
[ERROR] /home/franchu/Escritorio/Cosas/turing/src/main/java/com/economato/inventory/model/Recipe.java:[68,18] cannot find symbol
[ERROR]   symbol:   method setParentRecipe(<nulltype>)
[ERROR]   location: variable component of type com.economato.inventory.model.RecipeComponent
[ERROR] /home/franchu/Escritorio/Cosas/turing/src/main/java/com/economato/inventory/aspect/RecipeCookingAuditAspect.java:[69,80] cannot find symbol
[ERROR]   symbol:   method getRecipeId()
[ERROR]   location: variable cookingRequest of type com.economato.inventory.dto.request.RecipeCookingRequestDTO
[ERROR] /home/franchu/Escritorio/Cosas/turing/src/main/java/com/economato/inventory/aspect/RecipeCookingAuditAspect.java:[73,83] cannot find symbol
[ERROR]   symbol:   method getRecipeId()
[ERROR]   location: variable cookingRequest of type com.economato.inventory.dto.request.RecipeCookingRequestDTO
[ERROR] /home/franchu/Escritorio/Cosas/turing/src/main/java/com/economato/inventory/aspect/RecipeCookingAuditAspect.java:[82,62] cannot find symbol
[ERROR]   symbol:   method getName()
[ERROR]   location: variable recipe of type com.economato.inventory.model.Recipe
[ERROR] /home/franchu/Escritorio/Cosas/turing/src/main/java/com/economato/inventory/aspect/RecipeCookingAuditAspect.java:[83,66] cannot find symbol
[ERROR]   symbol:   method getQuantity()
[ERROR]   location: variable cookingRequest of type com.economato.inventory.dto.request.RecipeCookingRequestDTO
[ERROR] /home/franchu/Escritorio/Cosas/turing/src/main/java/com/economato/inventory/aspect/RecipeCookingAuditAspect.java:[84,31] cannot find symbol
[ERROR]   symbol:   method getDetails()
[ERROR]   location: variable cookingRequest of type com.economato.inventory.dto.request.RecipeCookingRequestDTO
[ERROR] /home/franchu/Escritorio/Cosas/turing/src/main/java/com/economato/inventory/aspect/RecipeCookingAuditAspect.java:[84,71] cannot find symbol
[ERROR]   symbol:   method getDetails()
[ERROR]   location: variable cookingRequest of type com.economato.inventory.dto.request.RecipeCookingRequestDTO
[ERROR] /home/franchu/Escritorio/Cosas/turing/src/main/java/com/economato/inventory/aspect/RecipeCookingAuditAspect.java:[85,60] cannot find symbol
[ERROR]   symbol:   method getDetails()
[ERROR]   location: variable cookingRequest of type com.economato.inventory.dto.request.RecipeCookingRequestDTO
[ERROR] /home/franchu/Escritorio/Cosas/turing/src/main/java/com/economato/inventory/aspect/RecipeCookingAuditAspect.java:[88,68] cannot find symbol
[ERROR]   symbol:   method builder()
[ERROR]   location: class com.economato.inventory.dto.event.RecipeCookingAuditEvent
[ERROR] /home/franchu/Escritorio/Cosas/turing/src/main/java/com/economato/inventory/aspect/RecipeCookingAuditAspect.java:[89,37] cannot find symbol
[ERROR]   symbol:   method getId()
[ERROR]   location: variable recipe of type com.economato.inventory.model.Recipe
[ERROR] /home/franchu/Escritorio/Cosas/turing/src/main/java/com/economato/inventory/aspect/RecipeCookingAuditAspect.java:[90,39] cannot find symbol
[ERROR]   symbol:   method getName()
[ERROR]   location: variable recipe of type com.economato.inventory.model.Recipe
[ERROR] /home/franchu/Escritorio/Cosas/turing/src/main/java/com/economato/inventory/aspect/RecipeCookingAuditAspect.java:[91,48] cannot find symbol
[ERROR]   symbol:   method getId()
[ERROR]   location: variable user of type com.economato.inventory.model.User
[ERROR] /home/franchu/Escritorio/Cosas/turing/src/main/java/com/economato/inventory/aspect/RecipeCookingAuditAspect.java:[92,50] cannot find symbol
[ERROR]   symbol:   method getName()
[ERROR]   location: variable user of type com.economato.inventory.model.User
[ERROR] /home/franchu/Escritorio/Cosas/turing/src/main/java/com/economato/inventory/aspect/RecipeCookingAuditAspect.java:[93,51] cannot find symbol
[ERROR]   symbol:   method getQuantity()
[ERROR]   location: variable cookingRequest of type com.economato.inventory.dto.request.RecipeCookingRequestDTO
[ERROR] /home/franchu/Escritorio/Cosas/turing/src/main/java/com/economato/inventory/aspect/RecipeCookingAuditAspect.java:[102,27] cannot find symbol
[ERROR]   symbol:   method getName()
[ERROR]   location: variable recipe of type com.economato.inventory.model.Recipe
[ERROR] /home/franchu/Escritorio/Cosas/turing/src/main/java/com/economato/inventory/aspect/RecipeCookingAuditAspect.java:[102,53] cannot find symbol
[ERROR]   symbol:   method getQuantity()
[ERROR]   location: variable cookingRequest of type com.economato.inventory.dto.request.RecipeCookingRequestDTO
[ERROR] /home/franchu/Escritorio/Cosas/turing/src/main/java/com/economato/inventory/aspect/RecipeCookingAuditAspect.java:[102,88] cannot find symbol
[ERROR]   symbol:   method getName()
[ERROR]   location: variable user of type com.economato.inventory.model.User
[ERROR] /home/franchu/Escritorio/Cosas/turing/src/main/java/com/economato/inventory/aspect/RecipeCookingAuditAspect.java:[116,23] cannot find symbol
[ERROR]   symbol:   method getComponents()
[ERROR]   location: variable recipe of type com.economato.inventory.model.Recipe
[ERROR] /home/franchu/Escritorio/Cosas/turing/src/main/java/com/economato/inventory/aspect/RecipeCookingAuditAspect.java:[116,58] cannot find symbol
[ERROR]   symbol:   method getComponents()
[ERROR]   location: variable recipe of type com.economato.inventory.model.Recipe
[ERROR] /home/franchu/Escritorio/Cosas/turing/src/main/java/com/economato/inventory/aspect/RecipeCookingAuditAspect.java:[117,40] cannot find symbol
[ERROR]   symbol:   method getComponents()
[ERROR]   location: variable recipe of type com.economato.inventory.model.Recipe
[ERROR] /home/franchu/Escritorio/Cosas/turing/src/main/java/com/economato/inventory/config/DataSourceAspect.java:[20,16] java.lang.ScopedValue is a preview API and is disabled by default.
[ERROR]   (use --enable-preview to enable preview APIs)
[ERROR] /home/franchu/Escritorio/Cosas/turing/src/main/java/com/economato/inventory/config/DbContextHolder.java:[5,63] java.lang.ScopedValue is a preview API and is disabled by default.
[ERROR]   (use --enable-preview to enable preview APIs)
[ERROR] /home/franchu/Escritorio/Cosas/turing/src/main/java/com/economato/inventory/controller/AllergenController.java:[85,77] cannot find symbol
[ERROR]   symbol:   method getId()
[ERROR]   location: variable created of type com.economato.inventory.dto.response.AllergenResponseDTO
[ERROR] /home/franchu/Escritorio/Cosas/turing/src/main/java/com/economato/inventory/service/AuthService.java:[44,37] cannot find symbol
[ERROR]   symbol:   method getName()
[ERROR]   location: variable loginRequest of type com.economato.inventory.dto.request.LoginRequestDTO
[ERROR] /home/franchu/Escritorio/Cosas/turing/src/main/java/com/economato/inventory/service/AuthService.java:[45,37] cannot find symbol
[ERROR]   symbol:   method getPassword()
[ERROR]   location: variable loginRequest of type com.economato.inventory.dto.request.LoginRequestDTO
[ERROR] /home/franchu/Escritorio/Cosas/turing/src/main/java/com/economato/inventory/security/JwtUtils.java:[30,75] cannot find symbol
[ERROR]   symbol:   method getSecret()
[ERROR]   location: variable jwtProperties of type com.economato.inventory.config.JwtProperties
[ERROR] /home/franchu/Escritorio/Cosas/turing/src/main/java/com/economato/inventory/security/JwtUtils.java:[44,65] cannot find symbol
[ERROR]   symbol:   method getExpiration()
[ERROR]   location: variable jwtProperties of type com.economato.inventory.config.JwtProperties
[ERROR] /home/franchu/Escritorio/Cosas/turing/src/main/java/com/economato/inventory/security/JwtUtils.java:[54,16] constructor LoginResponseDTO in class com.economato.inventory.dto.response.LoginResponseDTO cannot be applied to given types;
[ERROR]   required: no arguments
[ERROR]   found:    java.lang.String,com.economato.inventory.model.Role
[ERROR]   reason: actual and formal argument lists differ in length
[ERROR] -> [Help 1]
org.apache.maven.lifecycle.LifecycleExecutionException: Failed to execute goal org.apache.maven.plugins:maven-compiler-plugin:3.13.0:compile (default-compile) on project inventory: Compilation failure
    at org.apache.maven.lifecycle.internal.MojoExecutor.doExecute2 (MojoExecutor.java:333)
    at org.apache.maven.lifecycle.internal.MojoExecutor.doExecute (MojoExecutor.java:316)
    at org.apache.maven.lifecycle.internal.MojoExecutor.execute (MojoExecutor.java:212)
    at org.apache.maven.lifecycle.internal.MojoExecutor.execute (MojoExecutor.java:174)
    at org.apache.maven.lifecycle.internal.MojoExecutor.access$000 (MojoExecutor.java:75)
    at org.apache.maven.lifecycle.internal.MojoExecutor$1.run (MojoExecutor.java:162)
    at org.apache.maven.plugin.DefaultMojosExecutionStrategy.execute (DefaultMojosExecutionStrategy.java:39)
    at org.apache.maven.lifecycle.internal.MojoExecutor.execute (MojoExecutor.java:159)
    at org.apache.maven.lifecycle.internal.LifecycleModuleBuilder.buildProject (LifecycleModuleBuilder.java:105)
    at org.apache.maven.lifecycle.internal.LifecycleModuleBuilder.buildProject (LifecycleModuleBuilder.java:73)
    at org.apache.maven.lifecycle.internal.builder.singlethreaded.SingleThreadedBuilder.build (SingleThreadedBuilder.java:53)
    at org.apache.maven.lifecycle.internal.LifecycleStarter.execute (LifecycleStarter.java:118)
    at org.apache.maven.DefaultMaven.doExecute (DefaultMaven.java:261)
    at org.apache.maven.DefaultMaven.doExecute (DefaultMaven.java:173)
    at org.apache.maven.DefaultMaven.execute (DefaultMaven.java:101)
    at org.apache.maven.cli.MavenCli.execute (MavenCli.java:919)
    at org.apache.maven.cli.MavenCli.doMain (MavenCli.java:285)
    at org.apache.maven.cli.MavenCli.main (MavenCli.java:207)
    at jdk.internal.reflect.DirectMethodHandleAccessor.invoke (DirectMethodHandleAccessor.java:103)
    at java.lang.reflect.Method.invoke (Method.java:580)
    at org.codehaus.plexus.classworlds.launcher.Launcher.launchEnhanced (Launcher.java:255)
    at org.codehaus.plexus.classworlds.launcher.Launcher.launch (Launcher.java:201)
    at org.codehaus.plexus.classworlds.launcher.Launcher.mainWithExitCode (Launcher.java:361)
    at org.codehaus.plexus.classworlds.launcher.Launcher.main (Launcher.java:314)
Caused by: org.apache.maven.plugin.compiler.CompilationFailureException: Compilation failure
    at org.apache.maven.plugin.compiler.AbstractCompilerMojo.execute (AbstractCompilerMojo.java:1309)
    at org.apache.maven.plugin.compiler.CompilerMojo.execute (CompilerMojo.java:215)
    at org.apache.maven.plugin.DefaultBuildPluginManager.executeMojo (DefaultBuildPluginManager.java:126)
    at org.apache.maven.lifecycle.internal.MojoExecutor.doExecute2 (MojoExecutor.java:328)
    at org.apache.maven.lifecycle.internal.MojoExecutor.doExecute (MojoExecutor.java:316)
    at org.apache.maven.lifecycle.internal.MojoExecutor.execute (MojoExecutor.java:212)
    at org.apache.maven.lifecycle.internal.MojoExecutor.execute (MojoExecutor.java:174)
    at org.apache.maven.lifecycle.internal.MojoExecutor.access$000 (MojoExecutor.java:75)
    at org.apache.maven.lifecycle.internal.MojoExecutor$1.run (MojoExecutor.java:162)
    at org.apache.maven.plugin.DefaultMojosExecutionStrategy.execute (DefaultMojosExecutionStrategy.java:39)
    at org.apache.maven.lifecycle.internal.MojoExecutor.execute (MojoExecutor.java:159)
    at org.apache.maven.lifecycle.internal.LifecycleModuleBuilder.buildProject (LifecycleModuleBuilder.java:105)
    at org.apache.maven.lifecycle.internal.LifecycleModuleBuilder.buildProject (LifecycleModuleBuilder.java:73)
    at org.apache.maven.lifecycle.internal.builder.singlethreaded.SingleThreadedBuilder.build (SingleThreadedBuilder.java:53)
    at org.apache.maven.lifecycle.internal.LifecycleStarter.execute (LifecycleStarter.java:118)
    at org.apache.maven.DefaultMaven.doExecute (DefaultMaven.java:261)
    at org.apache.maven.DefaultMaven.doExecute (DefaultMaven.java:173)
    at org.apache.maven.DefaultMaven.execute (DefaultMaven.java:101)
    at org.apache.maven.cli.MavenCli.execute (MavenCli.java:919)
    at org.apache.maven.cli.MavenCli.doMain (MavenCli.java:285)
    at org.apache.maven.cli.MavenCli.main (MavenCli.java:207)
    at jdk.internal.reflect.DirectMethodHandleAccessor.invoke (DirectMethodHandleAccessor.java:103)
    at java.lang.reflect.Method.invoke (Method.java:580)
    at org.codehaus.plexus.classworlds.launcher.Launcher.launchEnhanced (Launcher.java:255)
    at org.codehaus.plexus.classworlds.launcher.Launcher.launch (Launcher.java:201)
    at org.codehaus.plexus.classworlds.launcher.Launcher.mainWithExitCode (Launcher.java:361)
    at org.codehaus.plexus.classworlds.launcher.Launcher.main (Launcher.java:314)
[ERROR] 
[ERROR] Re-run Maven using the -X switch to enable full debug logging.
[ERROR] 
[ERROR] For more information about the errors and possible solutions, please read the following articles:
[ERROR] [Help 1] http://cwiki.apache.org/confluence/display/MAVEN/MojoFailureException
