[INFO] Scanning for projects...
[INFO] 
[INFO] ----------------------< com.economato:inventory >-----------------------
[INFO] Building inventory 2.2.0-SNAPSHOT
[INFO]   from pom.xml
[INFO] --------------------------------[ jar ]---------------------------------
[WARNING] The artifact com.itextpdf:itext7-core:pom:8.0.5 has been relocated to com.itextpdf:itext-core:pom:8.0.5
[INFO] 
[INFO] --- jacoco:0.8.14:prepare-agent (prepare-agent) @ inventory ---
[INFO] argLine set to -javaagent:C:\\Users\\V51152822\\.m2\\repository\\org\\jacoco\\org.jacoco.agent\\0.8.14\\org.jacoco.agent-0.8.14-runtime.jar=destfile=C:\\Users\\V51152822\\Documents\\clase\\turing-backend\\target\\jacoco.exec
[INFO] 
[INFO] --- resources:3.3.1:resources (default-resources) @ inventory ---
[INFO] Copying 3 resources from src\main\resources to target\classes
[INFO] Copying 83 resources from src\main\resources to target\classes
[INFO] 
[INFO] --- compiler:3.13.0:compile (default-compile) @ inventory ---
[INFO] Nothing to compile - all classes are up to date.
[INFO] 
[INFO] --- resources:3.3.1:testResources (default-testResources) @ inventory ---
[INFO] Copying 2 resources from src\test\resources to target\test-classes
[INFO] 
[INFO] --- compiler:3.13.0:testCompile (default-testCompile) @ inventory ---
[INFO] Nothing to compile - all classes are up to date.
[INFO] 
[INFO] --- surefire:3.5.2:test (default-test) @ inventory ---
[INFO] Using auto detected provider org.apache.maven.surefire.junitplatform.JUnitPlatformProvider
[INFO] 
[INFO] -------------------------------------------------------
[INFO]  T E S T S
[INFO] -------------------------------------------------------
mvn : SLF4J(W): Class path contains 
multiple SLF4J providers.
En línea: 1 Carácter: 1
+ mvn test 
-Dtest=AuditOutboxIntegrationTest > 
test_output.txt 2>&1; ca ...
+ ~~~~~~~~~~~~~~~~~~~~~~~~~~~~~~~~~~~~~~~~~~
~~~~~~~~~~~~~~~~~~~~~~~
    + CategoryInfo          : NotSpecified: 
    (SLF4J(W): Class...LF4J providers.:Str  
  ing) [], RemoteException
    + FullyQualifiedErrorId : NativeCommand 
   Error
 
SLF4J(W): Found provider [ch.qos.logback.cla
ssic.spi.LogbackServiceProvider@7808fb9]
SLF4J(W): Found provider [org.slf4j.simple.S
impleServiceProvider@773bd77b]
SLF4J(W): See https://www.slf4j.org/codes.ht
ml#multiple_bindings for an explanation.
SLF4J(I): Actual provider is of type [ch.qos
.logback.classic.spi.LogbackServiceProvider@
7808fb9]
[INFO] Running com.economato.inventory.kafka.AuditOutboxIntegrationTest
[ERROR] Tests run: 1, Failures: 0, Errors: 1, Skipped: 0, Time elapsed: 0.008 s <<< FAILURE! -- in com.economato.inventory.kafka.AuditOutboxIntegrationTest
[ERROR] com.economato.inventory.kafka.AuditOutboxIntegrationTest -- Time elapsed: 0.008 s <<< ERROR!
java.lang.NoClassDefFoundError: InventoryAuditRepository
	at java.base/java.lang.Class.getDeclaredFields0(Native Method)
	at java.base/java.lang.Class.privateGetDeclaredFields(Class.java:2917)
	at java.base/java.lang.Class.getDeclaredFields(Class.java:2247)
	at java.base/java.util.ArrayList.forEach(ArrayList.java:1604)
Caused by: java.lang.ClassNotFoundException: InventoryAuditRepository
	at java.base/jdk.internal.loader.BuiltinClassLoader.loadClass(BuiltinClassLoader.java:580)
	at java.base/java.lang.ClassLoader.loadClass(ClassLoader.java:490)
	... 4 more

14:37:49.568 [main] INFO org.springframework.kafka.test.junit.GlobalEmbeddedKafkaTestExecutionListener -- Stopped global Embedded Kafka.
[INFO] 
[INFO] Results:
[INFO] 
[ERROR] Errors: 
[ERROR]   AuditOutboxIntegrationTest ╗ NoClassDefFound InventoryAuditRepository
[INFO] 
[ERROR] Tests run: 1, Failures: 0, Errors: 1, Skipped: 0
[INFO] 
[INFO] ------------------------------------------------------------------------
[INFO] BUILD FAILURE
[INFO] ------------------------------------------------------------------------
[INFO] Total time:  4.768 s
[INFO] Finished at: 2026-03-04T14:37:49Z
[INFO] ------------------------------------------------------------------------
[ERROR] Failed to execute goal org.apache.maven.plugins:maven-surefire-plugin:3.5.2:test (default-test) on project inventory: 
[ERROR] 
[ERROR] See C:\Users\V51152822\Documents\clase\turing-backend\target\surefire-reports for the individual test results.
[ERROR] See dump files (if any exist) [date].dump, [date]-jvmRun[N].dump and [date].dumpstream.
[ERROR] -> [Help 1]
[ERROR] 
[ERROR] To see the full stack trace of the errors, re-run Maven with the -e switch.
[ERROR] Re-run Maven using the -X switch to enable full debug logging.
[ERROR] 
[ERROR] For more information about the errors and possible solutions, please read the following articles:
[ERROR] [Help 1] http://cwiki.apache.org/confluence/display/MAVEN/MojoFailureException
